/jez:lumn0h3D@techmeup.co/rss" "FreshRSS/1.0.0 (Linux; http://freshrss.org) SimplePie/1.4-dev-FreshRSS"
184.72.5.127 - - [10/Feb/2016:09:12:26 -0800] "GET /rss HTTP/1.1" 304 182 "-" "Digg Feed Fetcher 1.0 (Mozilla/5.0 (Macintosh; Intel Mac OS X 10_7_1) AppleWebKit/534.48.3 (KHTML, like Gecko) Version/5.1 Safari/534.48.3)"
160.33.66.122 - - [10/Feb/2016:09:16:02 -0800] "GET /wp-content/themes/great/images/facebook.png HTTP/1.1" 304 188 "-" "Mozilla/4.0 (compatible;)"
207.46.13.174 - - [10/Feb/2016:09:19:31 -0800] "GET /sitemap-pt-post-2015-03.xml HTTP/1.1" 200 1082 "-" "Mozilla/5.0 (compatible; bingbot/2.0; +http://www.bing.com/bingbot.htm)"
130.0.236.153 - - [10/Feb/2016:09:21:44 -0800] "POST /xmlrpc.php HTTP/1.1" 200 456 "-" "Opera/9.80 (Windows NT 6.0) Presto/2.12.388 Version/12.14"
90.43.143.178 - - [10/Feb/2016:09:23:25 -0800] "GET /wp-content/plugins/hupso-share-buttons-for-twitter-facebook-google/style.css?ver=4.1.1 HTTP/1.1" 200 415 "http://techmeup.co/trouver-un-job-tech-a-san-francisco-ou-dans-la/" "Mozilla/5.0 (Macintosh; Intel Mac OS X 10_10_5) AppleWebKit/537.36 (KHTML, like Gecko) Chrome/48.0.2564.97 Safari/537.36"
90.43.143.178 - - [10/Feb/2016:09:23:25 -0800] "GET /wp-content/themes/great/js/modernizr.min.js HTTP/1.1" 200 6229 "http://techmeup.co/trouver-un-job-tech-a-san-francisco-ou-dans-la/" "Mozilla/5.0 (Macintosh; Intel Mac OS X 10_10_5) AppleWebKit/537.36 (KHTML, like Gecko) Chrome/48.0.2564.97 Safari/537.36"
90.43.143.178 - - [10/Feb/2016:09:23:25 -0800] "GET /wp-includes/js/jquery/jquery.js?ver=1.11.1 HTTP/1.1" 200 33586 "http://techmeup.co/trouver-un-job-tech-a-san-francisco-ou-dans-la/" "Mozilla/5.0 (Macintosh; Intel Mac OS X 10_10_5) AppleWebKit/537.36 (KHTML, like Gecko) Chrome/48.0.2564.97 Safari/537.36"
90.43.143.178 - - [10/Feb/2016:09:23:25 -0800] "GET /wp-content/plugins/easy-twitter-feed-widget/lib/js/widget-easy-twitter-feed-widget.js?ver=1.0 HTTP/1.1" 200 663 "http://techmeup.co/trouver-un-job-tech-a-san-francisco-ou-dans-la/" "Mozilla/5.0 (Macintosh; Intel Mac OS X 10_10_5) AppleWebKit/537.36 (KHTML, like Gecko) Chrome/48.0.2564.97 Safari/537.36"
90.43.143.178 - - [10/Feb/2016:09:23:25 -0800] "GET /wp-content/themes/great/images/linkedin.png HTTP/1.1" 200 4390 "http://techmeup.co/wp-content/themes/great/style.css" "Mozilla/5.0 (Macintosh; Intel Mac OS X 10_10_5) AppleWebKit/537.36 (KHTML, like Gecko) Chrome/48.0.2564.97 Safari/537.36"
90.43.143.178 - - [10/Feb/2016:09:23:25 -0800] "GET /wp-content/uploads/2014/09/logo-transparent-horizontal-1024x482.png HTTP/1.1" 200 334990 "http://techmeup.co/trouver-un-job-tech-a-san-francisco-ou-dans-la/" "Mozilla/5.0 (Macintosh; Intel Mac OS X 10_10_5) AppleWebKit/537.36 (KHTML, like Gecko) Chrome/48.0.2564.97 Safari/537.36"
90.43.143.178 - - [10/Feb/2016:09:23:27 -0800] "GET /wordpress/wp-content/uploads/2015/02/favico.png HTTP/1.1" 200 986 "http://techmeup.co/trouver-un-job-tech-a-san-francisco-ou-dans-la/" "Mozilla/5.0 (Macintosh; Intel Mac OS X 10_10_5) AppleWebKit/537.36 (KHTML, like Gecko) Chrome/48.0.2564.97 Safari/537.36"
162.243.175.234 - - [10/Feb/2016:09:26:30 -0800] "GET /feed/ HTTP/1.1" 304 219 "-" "NewsBlur Feed Fetcher - 4 subscribers - http://www.newsblur.com/site/5487666/techmeup-techmeup (Mozilla/5.0 (Macintosh; Intel Mac OS X 10_7_1) AppleWebKit/534.48.3 (KHTML, like Gecko) Version/5.1 Safari/534.48.3)"
54.93.47.160 - - [10/Feb/2016:09:29:07 -0800] "GET /wp-login.php HTTP/1.1" 200 1593 "https://duckduckgo.com/html+alyaboom.com" "Mozilla/5.0 (Windows NT 6.1; rv:28.0) alyaboom.com/20100101 Firefox/28.0"
37.1.206.196 - - [10/Feb/2016:09:30:24 -0800] "POST /wp-login.php HTTP/1.1" 200 3779 "http://MARRYME-BRIDAL.RU/wp-login.php" "Mozilla/5.0 (Windows NT 6.1; WOW64) AppleWebKit/537.36 (KHTML, like Gecko) Chrome/31.0.1650.57 Safari/537.36"
2.1.201.36 - - [10/Feb/2016:09:36:16 -0800] "GET /rss HTTP/1.1" 304 163 "http://techmeup.co/rss" "FreshRSS/1.0.0 (Linux; http://freshrss.org) SimplePie/1.4-dev-FreshRSS"
82.67.70.172 - - [10/Feb/2016:09:37:11 -0800] "GET /wp-content/themes/great/js/customscript.js HTTP/1.1" 200 3601 "http://techmeup.co/adrien-duermael-pixowl-et-lindustrie/" "Mozilla/5.0 (X11; Ubuntu; Linux x86_64; rv:39.0) Gecko/20100101 Firefox/39.0"
82.67.70.172 - - [10/Feb/2016:09:37:11 -0800] "GET /wp-content/plugins/wp-shortcode/css/wp-shortcode.css?ver=4.1.1 HTTP/1.1" 200 2050 "http://techmeup.co/adrien-duermael-pixowl-et-lindustrie/" "Mozilla/5.0 (X11; Ubuntu; Linux x86_64; rv:39.0) Gecko/20100101 Firefox/39.0"
82.67.70.172 - - [10/Feb/2016:09:37:11 -0800] "GET /wp-content/plugins/wp-shortcode/js/wp-shortcode.js?ver=4.1.1 HTTP/1.1" 200 831 "http://techmeup.co/adrien-duermael-pixowl-et-lindustrie/" "Mozilla/5.0 (X11; Ubuntu; Linux x86_64; rv:39.0) Gecko/20100101 Firefox/39.0"
82.67.70.172 - - [10/Feb/2016:09:37:11 -0800] "GET /wp-content/uploads/2015/02/tumblr_inline_njgqqazNyf1sa6hof-1-50x50.png HTTP/1.1" 200 4836 "http://techmeup.co/adrien-duermael-pixowl-et-lindustrie/" "Mozilla/5.0 (X11; Ubuntu; Linux x86_64; rv:39.0) Gecko/20100101 Firefox/39.0"
82.67.70.172 - - [10/Feb/2016:09:37:12 -0800] "GET /wp-content/themes/great/images/twitter.png HTTP/1.1" 200 4482 "http://techmeup.co/wp-content/themes/great/style.css" "Mozilla/5.0 (X11; Ubuntu; Linux x86_64; rv:39.0) Gecko/20100101 Firefox/39.0"
82.67.70.172 - - [10/Feb/2016:09:37:13 -0800] "POST /wp-admin/admin-ajax.php HTTP/1.1" 200 503 "http://techmeup.co/adrien-duermael-pixowl-et-lindustrie/" "Mozilla/5.0 (X11; Ubuntu; Linux x86_64; rv:39.0) Gecko/20100101 Firefox/39.0"
130.0.236.153 - - [10/Feb/2016:09:40:40 -0800] "POST /xmlrpc.php HTTP/1.1" 200 456 "-" "Opera/9.80 (Windows NT 6.0) Presto/2.12.388 Version/12.14"
62.210.250.66 - - [10/Feb/2016:09:46:18 -0800] "POST /xmlrpc.php HTTP/1.1" 200 433 "http://hnwatcher.com/" "Mozilla/5.0 (Windows NT 10.0; WOW64) AppleWebKit/537.36 (KHTML, like Gecko) Chrome/46.0.2490.86 Safari/537.36"
198.58.103.102 - - [10/Feb/2016:09:46:57 -0800] "GET /rss HTTP/1.1" 304 219 "-" "Superfeedr bot/2.0 http://superfeedr.com - Make your feeds realtime: get in touch - feed-id:138292308"
62.210.250.66 - - [10/Feb/2016:09:50:14 -0800] "POST /xmlrpc.php HTTP/1.1" 200 433 "http://hnwatcher.com/" "Mozilla/5.0 (Windows NT 10.0; WOW64) AppleWebKit/537.36 (KHTML, like Gecko) Chrome/46.0.2490.86 Safari/537.36"
62.210.250.66 - - [10/Feb/2016:09:53:21 -0800] "POST /xmlrpc.php HTTP/1.1" 200 433 "http://hnwatcher.com/" "Mozilla/5.0 (Windows NT 10.0; WOW64) AppleWebKit/537.36 (KHTML, like Gecko) Chrome/46.0.2490.86 Safari/537.36"
90.56.182.137 - - [10/Feb/2016:09:55:17 -0800] "GET /wp-content/plugins/hupso-share-buttons-for-twitter-facebook-google/style.css?ver=4.1.1 HTTP/1.1" 200 416 "http://techmeup.co/trouver-un-job-tech-a-san-francisco-ou-dans-la/" "Mozilla/5.0 (Windows NT 6.1; WOW64) AppleWebKit/537.36 (KHTML, like Gecko) Chrome/48.0.2564.103 Safari/537.36"
90.56.182.137 - - [10/Feb/2016:09:55:17 -0800] "GET /wordpress/wp-content/uploads/2015/02/logo-text1.png HTTP/1.1" 200 5144 "http://techmeup.co/trouver-un-job-tech-a-san-francisco-ou-dans-la/" "Mozilla/5.0 (Windows NT 6.1; WOW64) AppleWebKit/537.36 (KHTML, like Gecko) Chrome/48.0.2564.103 Safari/537.36"
90.56.182.137 - - [10/Feb/2016:09:55:17 -0800] "GET /wp-includes/js/jquery/jquery.js?ver=1.11.1 HTTP/1.1" 200 33586 "http://techmeup.co/trouver-un-job-tech-a-san-francisco-ou-dans-la/" "Mozilla/5.0 (Windows NT 6.1; WOW64) AppleWebKit/537.36 (KHTML, like Gecko) Chrome/48.0.2564.103 Safari/537.36"
90.56.182.137 - - [10/Feb/2016:09:55:17 -0800] "GET /wp-content/plugins/easy-twitter-feed-widget/lib/js/widget-easy-twitter-feed-widget.js?ver=1.0 HTTP/1.1" 200 663 "http://techmeup.co/trouver-un-job-tech-a-san-francisco-ou-dans-la/" "Mozilla/5.0 (Windows NT 6.1; WOW64) AppleWebKit/537.36 (KHTML, like Gecko) Chrome/48.0.2564.103 Safari/537.36"
90.56.182.137 - - [10/Feb/2016:09:55:18 -0800] "GET /wp-content/themes/great/images/search.png HTTP/1.1" 200 1683 "http://techmeup.co/wp-content/themes/great/style.css" "Mozilla/5.0 (Windows NT 6.1; WOW64) AppleWebKit/537.36 (KHTML, like Gecko) Chrome/48.0.2564.103 Safari/537.36"
90.56.182.137 - - [10/Feb/2016:09:55:18 -0800] "POST /wp-admin/admin-ajax.php HTTP/1.1" 200 592 "http://techmeup.co/trouver-un-job-tech-a-san-francisco-ou-dans-la/" "Mozilla/5.0 (Windows NT 6.1; WOW64) AppleWebKit/537.36 (KHTML, like Gecko) Chrome/48.0.2564.103 Safari/537.36"
90.56.182.137 - - [10/Feb/2016:09:55:22 -0800] "GET /wordpress/wp-content/uploads/2015/02/favico.png HTTP/1.1" 200 986 "http://techmeup.co/trouver-un-job-tech-a-san-francisco-ou-dans-la/" "Mozilla/5.0 (Windows NT 6.1; WOW64) AppleWebKit/537.36 (KHTML, like Gecko) Chrome/48.0.2564.103 Safari/537.36"
207.46.13.174 - - [10/Feb/2016:09:58:25 -0800] "GET /post/109303483553/marketing-pour-developpeurs-partie-3-le-site HTTP/1.1" 301 364 "-" "Mozilla/5.0 (compatible; bingbot/2.0; +http://www.bing.com/bingbot.htm)"
130.0.236.153 - - [10/Feb/2016:10:01:35 -0800] "POST /xmlrpc.php HTTP/1.1" 200 456 "-" "Opera/9.80 (Windows NT 6.0) Presto/2.12.388 Version/12.14"
109.15.143.216 - - [10/Feb/2016:10:05:58 -0800] "GET /apple-touch-icon-precomposed.png HTTP/1.1" 404 4871 "-" "Safari/11601.4.4 CFNetwork/760.2.6 Darwin/15.3.0 (x86_64)"
109.15.143.216 - - [10/Feb/2016:10:06:10 -0800] "GET /apple-touch-icon-precomposed.png HTTP/1.1" 404 4871 "-" "Safari/11601.4.4 CFNetwork/760.2.6 Darwin/15.3.0 (x86_64)"
86.235.136.133 - - [10/Feb/2016:10:06:41 -0800] "GET /wp-content/uploads/2015/02/10527525_10153205547817652_3810498128776234928_n-300x300.jpg HTTP/1.1" 200 34314 "http://hnwatcher.com/silicon-valley/" "Mozilla/5.0 (compatible; MSIE 9.0; Windows NT 6.1; WOW64; Trident/5.0; NP06)"
86.235.136.133 - - [10/Feb/2016:10:06:51 -0800] "GET /wp-content/uploads/2015/03/Screenshot-2015-03-13-20.20.39-1024x165.png HTTP/1.1" 200 203835 "http://hnwatcher.com/silicon-valley/" "Mozilla/5.0 (compatible; MSIE 9.0; Windows NT 6.1; WOW64; Trident/5.0; NP06)"
198.58.103.28 - - [10/Feb/2016:10:08:10 -0800] "GET /rss HTTP/1.1" 304 219 "-" "Superfeedr bot/2.0 http://superfeedr.com - Make your feeds realtime: get in touch - feed-id:138292308"
157.55.39.245 - - [10/Feb/2016:10:19:19 -0800] "GET /sitemap1.xml HTTP/1.1" 404 4872 "-" "Mozilla/5.0 (compatible; bingbot/2.0; +http://www.bing.com/bingbot.htm)"
78.198.33.77 - - [10/Feb/2016:10:21:55 -0800] "GET /wp-content/plugins/hupso-share-buttons-for-twitter-facebook-google/style.css?ver=4.1.1 HTTP/1.1" 200 416 "http://techmeup.co/trouver-un-job-tech-a-san-francisco-ou-dans-la/" "Mozilla/5.0 (Windows NT 10.0; WOW64) AppleWebKit/537.36 (KHTML, like Gecko) Chrome/48.0.2564.103 Safari/537.36"
78.198.33.77 - - [10/Feb/2016:10:21:55 -0800] "GET /wp-content/themes/great/js/modernizr.min.js HTTP/1.1" 200 6229 "http://techmeup.co/trouver-un-job-tech-a-san-francisco-ou-dans-la/" "Mozilla/5.0 (Windows NT 10.0; WOW64) AppleWebKit/537.36 (KHTML, like Gecko) Chrome/48.0.2564.103 Safari/537.36"
78.198.33.77 - - [10/Feb/2016:10:21:55 -0800] "GET /wp-content/plugins/wp-shortcode/js/wp-shortcode.js?ver=4.1.1 HTTP/1.1" 200 831 "http://techmeup.co/trouver-un-job-tech-a-san-francisco-ou-dans-la/" "Mozilla/5.0 (Windows NT 10.0; WOW64) AppleWebKit/537.36 (KHTML, like Gecko) Chrome/48.0.2564.103 Safari/537.36"
78.198.33.77 - - [10/Feb/2016:10:21:55 -0800] "GET /wp-content/plugins/disqus-comment-system/media/js/disqus.js?ver=4.1.1 HTTP/1.1" 200 1101 "http://techmeup.co/trouver-un-job-tech-a-san-francisco-ou-dans-la/" "Mozilla/5.0 (Windows NT 10.0; WOW64) AppleWebKit/537.36 (KHTML, like Gecko) Chrome/48.0.2564.103 Safari/537.36"
78.198.33.77 - - [10/Feb/2016:10:21:56 -0800] "GET /wordpress/wp-content/uploads/2015/02/logo-text1.png HTTP/1.1" 200 5144 "http://techmeup.co/trouver-un-job-tech-a-san-francisco-ou-dans-la/" "Mozilla/5.0 (Windows NT 10.0; WOW64) AppleWebKit/537.36 (KHTML, like Gecko) Chrome/48.0.2564.103 Safari/537.36"
78.198.33.77 - - [10/Feb/2016:10:21:58 -0800] "GET /wp-content/uploads/2014/07/tumblr_inline_n99vb998z21sygmpd-50x50.jpg HTTP/1.1" 200 2503 "http://techmeup.co/trouver-un-job-tech-a-san-francisco-ou-dans-la/" "Mozilla/5.0 (Windows NT 10.0; WOW64) AppleWebKit/537.36 (KHTML, like Gecko) Chrome/48.0.2564.103 Safari/537.36"
78.198.33.77 - - [10/Feb/2016:10:22:00 -0800] "GET /wordpress/wp-content/uploads/2015/02/favico.png HTTP/1.1" 200 986 "http://techmeup.co/trouver-un-job-tech-a-san-francisco-ou-dans-la/" "Mozilla/5.0 (Windows NT 10.0; WOW64) AppleWebKit/537.36 (KHTML, like Gecko) Chrome/48.0.2564.103 Safari/537.36"
54.93.41.74 - - [10/Feb/2016:10:29:40 -0800] "GET /wp-login.php HTTP/1.1" 200 1593 "https://duckduckgo.com/html+hnwatcher.com" "Mozilla/5.0 (Windows NT 6.0; rv:29.0) hnwatcher.com/20120101 Firefox/29.0"
216.218.147.195 - - [10/Feb/2016:10:35:13 -0800] "GET /wp-content/uploads/2015/02/10527525_10153205547817652_3810498128776234928_n-300x300.jpg HTTP/1.1" 200 34314 "http://hnwatcher.com/silicon-valley/" "Mozilla/5.0 (Macintosh; Intel Mac OS X 10_10_0) AppleWebKit/537.36 (KHTML, like Gecko) Chrome/38.0.2125.101 Safari/537.36"
216.218.147.195 - - [10/Feb/2016:10:35:13 -0800] "GET /wp-content/uploads/2015/03/1-l57K-8uyN9ELuGbgcaItmw-1024x524.png HTTP/1.1" 200 190496 "http://hnwatcher.com/silicon-valley/" "Mozilla/5.0 (Macintosh; Intel Mac OS X 10_10_0) AppleWebKit/537.36 (KHTML, like Gecko) Chrome/38.0.2125.101 Safari/537.36"
2.1.201.36 - - [10/Feb/2016:10:36:15 -0800] "GET /rss HTTP/1.1" 304 163 "http://techmeup.co/rss" "FreshRSS/1.0.0 (Linux; http://freshrss.org) SimplePie/1.4-dev-FreshRSS"
178.137.93.235 - - [10/Feb/2016:10:46:01 -0800] "GET /steeve-morin-de-google-a-lentreprenariat/ HTTP/1.1" 200 29433 "http://autotop.com.ua/" "Mozilla/4.0 (compatible; MSIE 7.0; Windows NT 5.1; SV1; .NET CLR 2.0.50727)"
207.46.13.174 - - [10/Feb/2016:10:54:06 -0800] "GET /wp-includes/js/jquery/jquery.js?ver=1.11.1 HTTP/1.1" 200 33586 "-" "Mozilla/5.0 (compatible; bingbot/2.0; +http://www.bing.com/bingbot.htm)"
85.168.120.64 - - [10/Feb/2016:10:56:06 -0800] "GET /apple-touch-icon-precomposed.png HTTP/1.1" 404 4871 "-" "Safari/11601.4.4 CFNetwork/760.2.6 Darwin/15.3.0 (x86_64)"
85.168.120.64 - - [10/Feb/2016:10:56:07 -0800] "GET /apple-touch-icon.png HTTP/1.1" 404 4871 "-" "Safari/11601.4.4 CFNetwork/760.2.6 Darwin/15.3.0 (x86_64)"
85.168.120.64 - - [10/Feb/2016:10:56:17 -0800] "GET / HTTP/1.1" 200 7274 "-" "Mozilla/5.0 (iPhone; CPU iPhone OS 9_1 like Mac OS X) AppleWebKit/601.1.46 (KHTML, like Gecko) Version/9.0 Mobile/13B143 Safari/601.1"
85.168.120.64 - - [10/Feb/2016:10:56:18 -0800] "GET /trouver-un-job-tech-a-san-francisco-ou-dans-la/apple-touch-icon.png HTTP/1.1" 404 4872 "-" "Safari/11601.4.4 CFNetwork/760.2.6 Darwin/15.3.0 (x86_64)"
66.249.66.38 - - [10/Feb/2016:11:01:21 -0800] "GET /rencontre-avec-nicolas-dessaigne-ceo-dalgolia/ HTTP/1.1" 200 11529 "-" "Mozilla/5.0 (compatible; Googlebot/2.1; +http://www.google.com/bot.html)"
88.178.170.165 - - [10/Feb/2016:11:03:14 -0800] "GET /wp-content/themes/great/js/modernizr.min.js HTTP/1.1" 200 6229 "http://techmeup.co/adrien-duermael-pixowl-et-lindustrie/" "Mozilla/5.0 (Windows NT 6.1; WOW64; rv:38.0) Gecko/20100101 Firefox/38.0"
88.178.170.165 - - [10/Feb/2016:11:03:14 -0800] "GET /wp-content/plugins/easy-twitter-feed-widget/easy-twitter-feed-widget.css?ver=4.1.1 HTTP/1.1" 200 505 "http://techmeup.co/adrien-duermael-pixowl-et-lindustrie/" "Mozilla/5.0 (Windows NT 6.1; WOW64; rv:38.0) Gecko/20100101 Firefox/38.0"
88.178.170.165 - - [10/Feb/2016:11:03:14 -0800] "GET /wp-includes/js/jquery/jquery.js?ver=1.11.1 HTTP/1.1" 200 33586 "http://techmeup.co/adrien-duermael-pixowl-et-lindustrie/" "Mozilla/5.0 (Windows NT 6.1; WOW64; rv:38.0) Gecko/20100101 Firefox/38.0"
88.178.170.165 - - [10/Feb/2016:11:03:14 -0800] "GET /wp-content/plugins/easy-twitter-feed-widget/lib/js/widget-easy-twitter-feed-widget.js?ver=1.0 HTTP/1.1" 200 663 "http://techmeup.co/adrien-duermael-pixowl-et-lindustrie/" "Mozilla/5.0 (Windows NT 6.1; WOW64; rv:38.0) Gecko/20100101 Firefox/38.0"
88.178.170.165 - - [10/Feb/2016:11:03:14 -0800] "GET /wp-content/uploads/2014/12/tumblr_inline_nga5swbqRY1sygmpd-50x50.jpg HTTP/1.1" 200 1983 "http://techmeup.co/adrien-duermael-pixowl-et-lindustrie/" "Mozilla/5.0 (Windows NT 6.1; WOW64; rv:38.0) Gecko/20100101 Firefox/38.0"
88.178.170.165 - - [10/Feb/2016:11:03:14 -0800] "GET /wp-content/themes/great/images/search.png HTTP/1.1" 200 1683 "http://techmeup.co/wp-content/themes/great/style.css" "Mozilla/5.0 (Windows NT 6.1; WOW64; rv:38.0) Gecko/20100101 Firefox/38.0"
62.210.142.23 - jez [10/Feb/2016:11:06:07 -0800] "GET /rss HTTP/1.1" 304 163 "http://jez:lumn0h3D@techmeup.co/rss" "FreshRSS/1.0.0 (Linux; http://freshrss.org) SimplePie/1.4-dev-FreshRSS"
92.222.20.166 - - [10/Feb/2016:11:11:57 -0800] "GET /rss HTTP/1.1" 304 163 "-" "Tiny Tiny RSS/16.1 (c352248) (http://tt-rss.org/)"
180.76.15.26 - - [10/Feb/2016:11:19:52 -0800] "GET / HTTP/1.1" 200 33366 "-" "Mozilla/5.0 (compatible; Baiduspider/2.0; +http://www.baidu.com/search/spider.html)"
89.38.150.47 - - [10/Feb/2016:11:20:22 -0800] "GET /wp-login.php?registration=disabled HTTP/1.1" 200 1562 "-" "Mozilla/5.0 (Windows NT 6.1; rv:17.0) Gecko/20100101 Firefox/32.0"
54.166.27.248 - - [10/Feb/2016:11:30:34 -0800] "GET / HTTP/1.1" 200 33403 "-" "Mozilla/5.0 (Windows; U; Windows NT 6.0; en-US; rv:1.9.2.3) Gecko/20100401 Firefox/3.6.3 GTB6 (.NET CLR 3.5.30729)"
2.1.201.36 - - [10/Feb/2016:11:36:51 -0800] "GET /rss HTTP/1.1" 304 163 "http://techmeup.co/rss" "FreshRSS/1.0.0 (Linux; http://freshrss.org) SimplePie/1.4-dev-FreshRSS"
84.7.133.128 - - [10/Feb/2016:11:39:24 -0800] "GET /les-geeks-vengeurs-masques-du-21e-siecle/ HTTP/1.1" 200 9023 "https://www.google.fr/" "Mozilla/5.0 (Windows NT 10.0; WOW64) AppleWebKit/537.36 (KHTML, like Gecko) Chrome/48.0.2564.103 Safari/537.36"
84.7.133.128 - - [10/Feb/2016:11:39:26 -0800] "GET /wp-content/plugins/wp-shortcode/css/tipsy.css?ver=4.1.1 HTTP/1.1" 200 868 "http://techmeup.co/les-geeks-vengeurs-masques-du-21e-siecle/" "Mozilla/5.0 (Windows NT 10.0; WOW64) AppleWebKit/537.36 (KHTML, like Gecko) Chrome/48.0.2564.103 Safari/537.36"
84.7.133.128 - - [10/Feb/2016:11:39:26 -0800] "GET /wp-content/themes/great/js/customscript.js HTTP/1.1" 200 3600 "http://techmeup.co/les-geeks-vengeurs-masques-du-21e-siecle/" "Mozilla/5.0 (Windows NT 10.0; WOW64) AppleWebKit/537.36 (KHTML, like Gecko) Chrome/48.0.2564.103 Safari/537.36"
84.7.133.128 - - [10/Feb/2016:11:39:26 -0800] "GET /wp-content/plugins/wp-shortcode/js/wp-shortcode.js?ver=4.1.1 HTTP/1.1" 200 831 "http://techmeup.co/les-geeks-vengeurs-masques-du-21e-siecle/" "Mozilla/5.0 (Windows NT 10.0; WOW64) AppleWebKit/537.36 (KHTML, like Gecko) Chrome/48.0.2564.103 Safari/537.36"
84.7.133.128 - - [10/Feb/2016:11:39:26 -0800] "GET /wp-content/plugins/disqus-comment-system/media/js/count.js?ver=4.1.1 HTTP/1.1" 200 776 "http://techmeup.co/les-geeks-vengeurs-masques-du-21e-siecle/" "Mozilla/5.0 (Windows NT 10.0; WOW64) AppleWebKit/537.36 (KHTML, like Gecko) Chrome/48.0.2564.103 Safari/537.36"
84.7.133.128 - - [10/Feb/2016:11:39:27 -0800] "GET /wp-content/themes/great/images/twitter.png HTTP/1.1" 200 4482 "http://techmeup.co/wp-content/themes/great/style.css" "Mozilla/5.0 (Windows NT 10.0; WOW64) AppleWebKit/537.36 (KHTML, like Gecko) Chrome/48.0.2564.103 Safari/537.36"
84.7.133.128 - - [10/Feb/2016:11:39:28 -0800] "GET /wp-content/themes/great/images/arrow.png HTTP/1.1" 200 437 "http://techmeup.co/wp-content/themes/great/style.css" "Mozilla/5.0 (Windows NT 10.0; WOW64) AppleWebKit/537.36 (KHTML, like Gecko) Chrome/48.0.2564.103 Safari/537.36"
84.7.133.128 - - [10/Feb/2016:11:39:32 -0800] "GET /les-geeks-vengeurs-masques-du-21e-siecle/?cf_action=sync_comments&post_id=21 HTTP/1.1" 200 308 "http://techmeup.co/les-geeks-vengeurs-masques-du-21e-siecle/" "Mozilla/5.0 (Windows NT 10.0; WOW64) AppleWebKit/537.36 (KHTML, like Gecko) Chrome/48.0.2564.103 Safari/537.36"
162.243.175.24 - - [10/Feb/2016:11:41:05 -0800] "GET /feed/ HTTP/1.1" 304 182 "-" "NewsBlur Feed Fetcher - 4 subscribers - http://www.newsblur.com/site/5487666/techmeup-techmeup (Mozilla/5.0 (Macintosh; Intel Mac OS X 10_7_1) AppleWebKit/534.48.3 (KHTML, like Gecko) Version/5.1 Safari/534.48.3)"
62.210.250.66 - - [10/Feb/2016:11:45:18 -0800] "POST /xmlrpc.php HTTP/1.1" 200 433 "http://hnwatcher.com/" "Mozilla/5.0 (Windows NT 10.0; WOW64) AppleWebKit/537.36 (KHTML, like Gecko) Chrome/46.0.2490.86 Safari/537.36"
62.210.250.66 - - [10/Feb/2016:11:48:22 -0800] "POST /xmlrpc.php HTTP/1.1" 200 433 "http://hnwatcher.com/" "Mozilla/5.0 (Windows NT 10.0; WOW64) AppleWebKit/537.36 (KHTML, like Gecko) Chrome/46.0.2490.86 Safari/537.36"
62.210.250.66 - - [10/Feb/2016:11:52:53 -0800] "POST /xmlrpc.php HTTP/1.1" 200 433 "http://hnwatcher.com/" "Mozilla/5.0 (Windows NT 10.0; WOW64) AppleWebKit/537.36 (KHTML, like Gecko) Chrome/46.0.2490.86 Safari/537.36"
62.210.250.66 - - [10/Feb/2016:11:55:59 -0800] "POST /xmlrpc.php HTTP/1.1" 200 433 "http://hnwatcher.com/" "Mozilla/5.0 (Windows NT 10.0; WOW64) AppleWebKit/537.36 (KHTML, like Gecko) Chrome/46.0.2490.86 Safari/537.36"
62.210.250.66 - - [10/Feb/2016:12:02:09 -0800] "POST /xmlrpc.php HTTP/1.1" 200 433 "http://hnwatcher.com/" "Mozilla/5.0 (Windows NT 10.0; WOW64) AppleWebKit/537.36 (KHTML, like Gecko) Chrome/46.0.2490.86 Safari/537.36"
62.210.250.66 - - [10/Feb/2016:12:03:40 -0800] "POST /xmlrpc.php HTTP/1.1" 200 433 "http://hnwatcher.com/" "Mozilla/5.0 (Windows NT 10.0; WOW64) AppleWebKit/537.36 (KHTML, like Gecko) Chrome/46.0.2490.86 Safari/537.36"
2.1.201.36 - - [10/Feb/2016:12:06:18 -0800] "GET /rss HTTP/1.1" 304 163 "http://techmeup.co/rss" "FreshRSS/1.0.0 (Linux; http://freshrss.org) SimplePie/1.4-dev-FreshRSS"
31.165.24.46 - - [10/Feb/2016:12:09:36 -0800] "GET /les-geeks-vengeurs-masques-du-21e-siecle/ HTTP/1.1" 200 8974 "https://www.google.ch/" "Mozilla/5.0 (Macintosh; Intel Mac OS X 10_11_3) AppleWebKit/601.4.4 (KHTML, like Gecko) Version/9.0.3 Safari/601.4.4"
31.165.24.46 - - [10/Feb/2016:12:09:38 -0800] "GET /wp-content/themes/great/js/customscript.js HTTP/1.1" 200 3601 "http://techmeup.co/les-geeks-vengeurs-masques-du-21e-siecle/" "Mozilla/5.0 (Macintosh; Intel Mac OS X 10_11_3) AppleWebKit/601.4.4 (KHTML, like Gecko) Version/9.0.3 Safari/601.4.4"
31.165.24.46 - - [10/Feb/2016:12:09:38 -0800] "GET /wp-includes/js/jquery/jquery.js?ver=1.11.1 HTTP/1.1" 200 33586 "http://techmeup.co/les-geeks-vengeurs-masques-du-21e-siecle/" "Mozilla/5.0 (Macintosh; Intel Mac OS X 10_11_3) AppleWebKit/601.4.4 (KHTML, like Gecko) Version/9.0.3 Safari/601.4.4"
31.165.24.46 - - [10/Feb/2016:12:09:38 -0800] "GET /wp-includes/js/comment-reply.min.js?ver=4.1.1 HTTP/1.1" 200 757 "http://techmeup.co/les-geeks-vengeurs-masques-du-21e-siecle/" "Mozilla/5.0 (Macintosh; Intel Mac OS X 10_11_3) AppleWebKit/601.4.4 (KHTML, like Gecko) Version/9.0.3 Safari/601.4.4"
31.165.24.46 - - [10/Feb/2016:12:09:41 -0800] "GET /wp-content/themes/great/images/facebook.png HTTP/1.1" 200 4285 "http://techmeup.co/les-geeks-vengeurs-masques-du-21e-siecle/" "Mozilla/5.0 (Macintosh; Intel Mac OS X 10_11_3) AppleWebKit/601.4.4 (KHTML, like Gecko) Version/9.0.3 Safari/601.4.4"
31.165.24.46 - - [10/Feb/2016:12:09:41 -0800] "GET /wp-content/uploads/2015/03/4N8A4857-50x50.jpg HTTP/1.1" 200 2471 "http://techmeup.co/les-geeks-vengeurs-masques-du-21e-siecle/" "Mozilla/5.0 (Macintosh; Intel Mac OS X 10_11_3) AppleWebKit/601.4.4 (KHTML, like Gecko) Version/9.0.3 Safari/601.4.4"
31.165.24.46 - - [10/Feb/2016:12:09:41 -0800] "POST /wp-admin/admin-ajax.php HTTP/1.1" 200 592 "http://techmeup.co/les-geeks-vengeurs-masques-du-21e-siecle/" "Mozilla/5.0 (Macintosh; Intel Mac OS X 10_11_3) AppleWebKit/601.4.4 (KHTML, like Gecko) Version/9.0.3 Safari/601.4.4"
62.210.250.66 - - [10/Feb/2016:12:11:30 -0800] "POST /xmlrpc.php HTTP/1.1" 200 433 "http://hnwatcher.com/" "Mozilla/5.0 (Windows NT 10.0; WOW64) AppleWebKit/537.36 (KHTML, like Gecko) Chrome/46.0.2490.86 Safari/537.36"
62.210.115.133 - - [10/Feb/2016:12:12:16 -0800] "GET /du-travail-pour-les-epoux-epouses-dimmigres-tech-aux-us/ HTTP/1.0" 200 26506 "-" "Mozilla/5.0 (compatible; MJ12bot/v1.4.5; http://www.majestic12.co.uk/bot.php?+)"
62.210.115.133 - - [10/Feb/2016:12:12:39 -0800] "GET /ce-que-je-referais-autrement-invite-cedric-giorgi/ HTTP/1.0" 200 9840 "-" "Mozilla/5.0 (compatible; MJ12bot/v1.4.5; http://www.majestic12.co.uk/bot.php?+)"
62.210.250.66 - - [10/Feb/2016:12:14:34 -0800] "POST /xmlrpc.php HTTP/1.1" 200 433 "http://hnwatcher.com/" "Mozilla/5.0 (Windows NT 10.0; WOW64) AppleWebKit/537.36 (KHTML, like Gecko) Chrome/46.0.2490.86 Safari/537.36"
62.210.250.66 - - [10/Feb/2016:12:19:15 -0800] "POST /xmlrpc.php HTTP/1.1" 200 433 "http://hnwatcher.com/" "Mozilla/5.0 (Windows NT 10.0; WOW64) AppleWebKit/537.36 (KHTML, like Gecko) Chrome/46.0.2490.86 Safari/537.36"
86.246.217.7 - - [10/Feb/2016:12:22:53 -0800] "GET /feed/ HTTP/1.1" 304 219 "-" "Mozilla/5.0 Vienna/3.0.9"
85.168.120.64 - - [10/Feb/2016:12:25:36 -0800] "GET /trouver-un-job-tech-a-san-francisco-ou-dans-la/apple-touch-icon.png HTTP/1.1" 404 4872 "-" "Safari/11601.4.4 CFNetwork/760.2.6 Darwin/15.3.0 (x86_64)"
85.168.120.64 - - [10/Feb/2016:12:25:39 -0800] "GET /apple-touch-icon.png HTTP/1.1" 404 4871 "-" "Safari/11601.4.4 CFNetwork/760.2.6 Darwin/15.3.0 (x86_64)"
85.168.120.64 - - [10/Feb/2016:12:25:47 -0800] "GET /trouver-un-job-tech-a-san-francisco-ou-dans-la/ HTTP/1.1" 200 15572 "-" "Mozilla/5.0 (iPhone; CPU iPhone OS 9_1 like Mac OS X) AppleWebKit/601.1.46 (KHTML, like Gecko) Version/9.0 Mobile/13B143 Safari/601.1"
85.168.120.64 - - [10/Feb/2016:12:25:51 -0800] "GET / HTTP/1.1" 200 7273 "-" "Mozilla/5.0 (iPhone; CPU iPhone OS 9_1 like Mac OS X) AppleWebKit/601.1.46 (KHTML, like Gecko) Version/9.0 Mobile/13B143 Safari/601.1"
85.168.120.64 - - [10/Feb/2016:12:26:48 -0800] "GET /trouver-un-job-tech-a-san-francisco-ou-dans-la/ HTTP/1.1" 200 15572 "-" "Mozilla/5.0 (Macintosh; Intel Mac OS X 10_11_3) AppleWebKit/601.4.4 (KHTML, like Gecko)"
85.168.120.64 - - [10/Feb/2016:12:26:50 -0800] "GET /apple-touch-icon.png HTTP/1.1" 404 4871 "-" "Safari/11601.4.4 CFNetwork/760.2.6 Darwin/15.3.0 (x86_64)"
85.168.120.64 - - [10/Feb/2016:12:26:55 -0800] "GET /apple-touch-icon.png HTTP/1.1" 404 4871 "-" "Safari/11601.4.4 CFNetwork/760.2.6 Darwin/15.3.0 (x86_64)"
85.168.120.64 - - [10/Feb/2016:12:27:03 -0800] "GET /apple-touch-icon.png HTTP/1.1" 404 4871 "-" "Safari/11601.4.4 CFNetwork/760.2.6 Darwin/15.3.0 (x86_64)"
85.168.120.64 - - [10/Feb/2016:12:27:07 -0800] "GET /apple-touch-icon.png HTTP/1.1" 404 4871 "-" "Safari/11601.4.4 CFNetwork/760.2.6 Darwin/15.3.0 (x86_64)"
62.210.250.66 - - [10/Feb/2016:12:31:42 -0800] "POST /xmlrpc.php HTTP/1.1" 200 433 "http://hnwatcher.com/" "Mozilla/5.0 (Windows NT 10.0; WOW64) AppleWebKit/537.36 (KHTML, like Gecko) Chrome/46.0.2490.86 Safari/537.36"
2.1.201.36 - - [10/Feb/2016:12:36:14 -0800] "GET /rss HTTP/1.1" 304 163 "http://techmeup.co/rss" "FreshRSS/1.0.0 (Linux; http://freshrss.org) SimplePie/1.4-dev-FreshRSS"
85.168.120.64 - - [10/Feb/2016:12:37:50 -0800] "GET /trouver-un-job-tech-a-san-francisco-ou-dans-la/ HTTP/1.1" 200 15541 "-" "Mozilla/5.0 (Macintosh; Intel Mac OS X 10_11_3) AppleWebKit/601.4.4 (KHTML, like Gecko) Version/9.0.3 Safari/601.4.4"
85.168.120.64 - - [10/Feb/2016:12:37:51 -0800] "GET /wp-content/plugins/easy-twitter-feed-widget/easy-twitter-feed-widget.css?ver=4.1.1 HTTP/1.1" 200 505 "http://techmeup.co/trouver-un-job-tech-a-san-francisco-ou-dans-la/" "Mozilla/5.0 (Macintosh; Intel Mac OS X 10_11_3) AppleWebKit/601.4.4 (KHTML, like Gecko) Version/9.0.3 Safari/601.4.4"
85.168.120.64 - - [10/Feb/2016:12:37:51 -0800] "GET /wp-content/uploads/2014/05/tumblr_inline_n54poil5sD1r792z4-50x50.jpg HTTP/1.1" 200 2099 "http://techmeup.co/trouver-un-job-tech-a-san-francisco-ou-dans-la/" "Mozilla/5.0 (Macintosh; Intel Mac OS X 10_11_3) AppleWebKit/601.4.4 (KHTML, like Gecko) Version/9.0.3 Safari/601.4.4"
85.168.120.64 - - [10/Feb/2016:12:37:52 -0800] "GET /wp-content/themes/great/images/search.png HTTP/1.1" 200 1683 "http://techmeup.co/trouver-un-job-tech-a-san-francisco-ou-dans-la/" "Mozilla/5.0 (Macintosh; Intel Mac OS X 10_11_3) AppleWebKit/601.4.4 (KHTML, like Gecko) Version/9.0.3 Safari/601.4.4"
62.210.250.66 - - [10/Feb/2016:12:39:34 -0800] "POST /xmlrpc.php HTTP/1.1" 200 433 "http://hnwatcher.com/" "Mozilla/5.0 (Windows NT 10.0; WOW64) AppleWebKit/537.36 (KHTML, like Gecko) Chrome/46.0.2490.86 Safari/537.36"
162.243.175.232 - - [10/Feb/2016:12:47:07 -0800] "GET /feed/ HTTP/1.1" 304 182 "-" "NewsBlur Feed Fetcher - 4 subscribers - http://www.newsblur.com/site/5487666/techmeup-techmeup (Mozilla/5.0 (Macintosh; Intel Mac OS X 10_7_1) AppleWebKit/534.48.3 (KHTML, like Gecko) Version/5.1 Safari/534.48.3)"
40.77.167.90 - - [10/Feb/2016:12:49:00 -0800] "GET /wp-content/uploads/2015/02/10527525_10153205547817652_3810498128776234928_n-300x300.jpg HTTP/1.1" 200 34314 "-" "Mozilla/5.0 (compatible; bingbot/2.0; +http://www.bing.com/bingbot.htm)"
178.137.17.196 - - [10/Feb/2016:12:52:21 -0800] "GET /steeve-morin-de-google-a-lentreprenariat/ HTTP/1.1" 200 29417 "http://purchasepillsnorx.com/" "Opera/9.00 (Windows NT 5.1; U; ru)"
86.246.217.7 - - [10/Feb/2016:12:52:51 -0800] "GET /feed/ HTTP/1.1" 304 219 "-" "Mozilla/5.0 Vienna/3.0.9"
66.249.66.38 - - [10/Feb/2016:12:55:52 -0800] "GET /le-talent-cache-de-jerome-petazzoni-tinkerer-extraordinaire-chez-docker-de-lart-du-code-a-la-musique/ HTTP/1.1" 200 9699 "-" "Mozilla/5.0 (compatible; Googlebot/2.1; +http://www.google.com/bot.html)"
198.58.96.215 - - [10/Feb/2016:13:04:11 -0800] "GET /rss HTTP/1.1" 304 219 "-" "Superfeedr bot/2.0 http://superfeedr.com - Make your feeds realtime: get in touch - feed-id:138292308"
92.222.20.166 - - [10/Feb/2016:13:06:16 -0800] "GET /rss HTTP/1.1" 304 163 "-" "Tiny Tiny RSS/16.1 (c352248) (http://tt-rss.org/)"
77.154.204.175 - - [10/Feb/2016:13:08:33 -0800] "GET /wp-content/themes/great/js/modernizr.min.js HTTP/1.1" 200 6229 "http://techmeup.co/trouver-un-job-tech-a-san-francisco-ou-dans-la/" "Mozilla/5.0 (iPhone; CPU iPhone OS 8_1_3 like Mac OS X) AppleWebKit/600.1.4 (KHTML, like Gecko) Version/8.0 Mobile/12B466 Safari/600.1.4"
77.154.204.175 - - [10/Feb/2016:13:08:33 -0800] "GET /wordpress/wp-content/uploads/2015/02/logo-text1.png HTTP/1.1" 200 5144 "http://techmeup.co/trouver-un-job-tech-a-san-francisco-ou-dans-la/" "Mozilla/5.0 (iPhone; CPU iPhone OS 8_1_3 like Mac OS X) AppleWebKit/600.1.4 (KHTML, like Gecko) Version/8.0 Mobile/12B466 Safari/600.1.4"
77.154.204.175 - - [10/Feb/2016:13:08:33 -0800] "GET /wp-content/plugins/easy-twitter-feed-widget/lib/js/widget-easy-twitter-feed-widget.js?ver=1.0 HTTP/1.1" 200 663 "http://techmeup.co/trouver-un-job-tech-a-san-francisco-ou-dans-la/" "Mozilla/5.0 (iPhone; CPU iPhone OS 8_1_3 like Mac OS X) AppleWebKit/600.1.4 (KHTML, like Gecko) Version/8.0 Mobile/12B466 Safari/600.1.4"
77.154.204.175 - - [10/Feb/2016:13:08:33 -0800] "GET /wp-content/plugins/hupso-share-buttons-for-twitter-facebook-google/style.css?ver=4.1.1 HTTP/1.1" 200 415 "http://techmeup.co/trouver-un-job-tech-a-san-francisco-ou-dans-la/" "Mozilla/5.0 (iPhone; CPU iPhone OS 8_1_3 like Mac OS X) AppleWebKit/600.1.4 (KHTML, like Gecko) Version/8.0 Mobile/12B466 Safari/600.1.4"
77.154.204.175 - - [10/Feb/2016:13:08:33 -0800] "GET /wp-includes/js/comment-reply.min.js?ver=4.1.1 HTTP/1.1" 200 757 "http://techmeup.co/trouver-un-job-tech-a-san-francisco-ou-dans-la/" "Mozilla/5.0 (iPhone; CPU iPhone OS 8_1_3 like Mac OS X) AppleWebKit/600.1.4 (KHTML, like Gecko) Version/8.0 Mobile/12B466 Safari/600.1.4"
77.154.204.175 - - [10/Feb/2016:13:08:34 -0800] "GET /wp-content/themes/great/images/search.png HTTP/1.1" 200 1683 "http://techmeup.co/trouver-un-job-tech-a-san-francisco-ou-dans-la/" "Mozilla/5.0 (iPhone; CPU iPhone OS 8_1_3 like Mac OS X) AppleWebKit/600.1.4 (KHTML, like Gecko) Version/8.0 Mobile/12B466 Safari/600.1.4"
77.154.204.175 - - [10/Feb/2016:13:08:39 -0800] "GET /trouver-un-job-tech-a-san-francisco-ou-dans-la/?cf_action=sync_comments&post_id=30 HTTP/1.1" 200 309 "http://techmeup.co/trouver-un-job-tech-a-san-francisco-ou-dans-la/" "Mozilla/5.0 (iPhone; CPU iPhone OS 8_1_3 like Mac OS X) AppleWebKit/600.1.4 (KHTML, like Gecko) Version/8.0 Mobile/12B466 Safari/600.1.4"
66.249.93.120 - - [10/Feb/2016:13:18:19 -0800] "GET / HTTP/1.1" 200 7274 "-" "Mozilla/5.0 (Windows NT 6.1; rv:6.0) Gecko/20110814 Firefox/6.0 Google Favicon"
68.180.228.42 - - [10/Feb/2016:13:26:50 -0800] "GET /lanti-incubateur-ou-comment-placer-le-conseil-au HTTP/1.1" 301 389 "-" "Mozilla/5.0 (compatible; Yahoo! Slurp; http://help.yahoo.com/help/us/ysearch/slurp)"
37.1.206.196 - - [10/Feb/2016:13:35:09 -0800] "POST /wp-login.php HTTP/1.1" 200 3779 "http://MARRYME-BRIDAL.RU/wp-login.php" "Mozilla/5.0 (Windows NT 6.1; WOW64) AppleWebKit/537.36 (KHTML, like Gecko) Chrome/31.0.1650.57 Safari/537.36"
86.167.117.121 - - [10/Feb/2016:13:35:21 -0800] "GET /wp-content/uploads/2015/03/1-l57K-8uyN9ELuGbgcaItmw-1024x524.png HTTP/1.1" 200 190496 "http://hnwatcher.com/silicon-valley/" "Mozilla/5.0 (Macintosh; Intel Mac OS X 10_11_3) AppleWebKit/601.4.4 (KHTML, like Gecko) Version/9.0.3 Safari/601.4.4"
37.9.118.28 - - [10/Feb/2016:13:35:52 -0800] "GET / HTTP/1.1" 200 7274 "-" "Mozilla/5.0 (compatible; YandexMetrika/2.0; +http://yandex.com/bots mtmon01i.yandex.ru)"
178.255.215.65 - - [10/Feb/2016:13:41:35 -0800] "GET /robots.txt HTTP/1.1" 200 386 "-" "Mozilla/5.0 (compatible; Exabot/3.0; +http://www.exabot.com/go/robot)"
192.241.141.195 - - [10/Feb/2016:13:45:38 -0800] "GET /feed/ HTTP/1.1" 304 182 "-" "NewsBlur Feed Fetcher - 4 subscribers - http://www.newsblur.com/site/5487666/techmeup-techmeup (Mozilla/5.0 (Macintosh; Intel Mac OS X 10_7_1) AppleWebKit/534.48.3 (KHTML, like Gecko) Version/5.1 Safari/534.48.3)"
86.246.217.7 - - [10/Feb/2016:13:52:51 -0800] "GET /feed/ HTTP/1.1" 304 219 "-" "Mozilla/5.0 Vienna/3.0.9"
92.85.52.108 - - [10/Feb/2016:13:56:36 -0800] "GET / HTTP/1.1" 200 33403 "-" "Java/1.6.0_04"
62.210.250.66 - - [10/Feb/2016:13:56:28 -0800] "POST /xmlrpc.php HTTP/1.1" 200 433 "http://hnwatcher.com/" "Mozilla/5.0 (Windows NT 10.0; WOW64) AppleWebKit/537.36 (KHTML, like Gecko) Chrome/46.0.2490.86 Safari/537.36"
92.85.52.108 - - [10/Feb/2016:13:56:43 -0800] "GET /ce-que-je-referais-autrement-invitee-mathilde-le-rouzic HTTP/1.1" 301 406 "-" "Java/1.6.0_04"
92.85.52.108 - - [10/Feb/2016:13:56:46 -0800] "GET /feed HTTP/1.1" 301 428 "-" "Java/1.6.0_04"
92.85.52.108 - - [10/Feb/2016:13:56:48 -0800] "GET /le-talent-cache-de-jerome-petazzoni-tinkerer-extraordinaire-chez-docker-de-lart-du-code-a-la-musique HTTP/1.1" 301 451 "-" "Java/1.6.0_04"
92.85.52.108 - - [10/Feb/2016:13:56:50 -0800] "GET /suivez-nous-sur-facebook-twitter-et-maintenant-linkedin HTTP/1.1" 301 406 "-" "Java/1.6.0_04"
92.85.52.108 - - [10/Feb/2016:13:56:53 -0800] "GET /teresa-colombi-ou-le-futur-de-lexperience-utilisateur HTTP/1.1" 301 404 "-" "Java/1.6.0_04"
92.85.52.108 - - [10/Feb/2016:13:56:54 -0800] "GET /techmeup-le-monde-merveilleux-de-la-tech HTTP/1.1" 301 392 "-" "Java/1.6.0_04"
92.85.52.108 - - [10/Feb/2016:13:56:58 -0800] "GET /wp-admin/admin-ajax.php HTTP/1.1" 200 247 "-" "Java/1.6.0_04"
92.85.52.108 - - [10/Feb/2016:13:57:00 -0800] "GET /ce-que-je-referais-autrement-invitee-mathilde-le-rouzic/apple-touch-icon.png HTTP/1.1" 404 15493 "-" "Java/1.6.0_04"
92.85.52.108 - - [10/Feb/2016:13:57:02 -0800] "GET /de-la-nasa-a-checkr-comment-daniel-yanisse/ HTTP/1.1" 200 28410 "-" "Java/1.6.0_04"
92.85.52.108 - - [10/Feb/2016:13:57:05 -0800] "GET /les-francais-genies-de-la-silicon-valley HTTP/1.1" 301 391 "-" "Java/1.6.0_04"
92.85.52.108 - - [10/Feb/2016:13:57:07 -0800] "GET /le-talent-cache-dadrien-friggeri-data-scientist-chez-facebook-savoir-passer-du-code-a-la-maille/apple-touch-icon.png HTTP/1.1" 404 15493 "-" "Java/1.6.0_04"
92.85.52.108 - - [10/Feb/2016:13:57:10 -0800] "GET /le-talent-cache-de-ludovic-copere-electron-libre-de-linnovation-a-sony-du-japon-au-tango/apple-touch-icon.png HTTP/1.1" 404 15494 "-" "Java/1.6.0_04"
92.85.52.108 - - [10/Feb/2016:13:57:15 -0800] "GET /steeve-morin-de-google-a-lentreprenariat/ HTTP/1.1" 200 29447 "-" "Java/1.6.0_04"
92.85.52.108 - - [10/Feb/2016:13:57:18 -0800] "GET /sylvia-gallusser-expatriee-aux-us-jaime-mon-pays-la-france-reviensleon/apple-touch-icon.png HTTP/1.1" 404 15493 "-" "Java/1.6.0_04"
92.85.52.108 - - [10/Feb/2016:13:57:20 -0800] "GET /creer-sa-startup-seul-et-la-revendre-a-un-geant/ HTTP/1.1" 200 30509 "-" "Java/1.6.0_04"
92.85.52.108 - - [10/Feb/2016:13:57:22 -0800] "GET /techmeup-le-monde-merveilleux-de-la-tech/apple-touch-icon.png HTTP/1.1" 404 15493 "-" "Java/1.6.0_04"
92.85.52.108 - - [10/Feb/2016:13:57:25 -0800] "GET /frenchweb-de-lautre-cote-de-la-camera/ HTTP/1.1" 200 25508 "-" "Java/1.6.0_04"
62.210.250.66 - - [10/Feb/2016:13:59:32 -0800] "POST /xmlrpc.php HTTP/1.1" 200 433 "http://hnwatcher.com/" "Mozilla/5.0 (Windows NT 10.0; WOW64) AppleWebKit/537.36 (KHTML, like Gecko) Chrome/46.0.2490.86 Safari/537.36"
178.137.93.235 - - [10/Feb/2016:14:00:26 -0800] "GET /steeve-morin-de-google-a-lentreprenariat/ HTTP/1.1" 200 29381 "http://mriyadh.com/" "Mozilla/4.0 (compatible; MSIE 6.0; Windows NT 5.0; .NET CLR 1.0.3705; .NET CLR 1.1.4322)"
62.210.250.66 - - [10/Feb/2016:14:02:36 -0800] "POST /xmlrpc.php HTTP/1.1" 200 433 "http://hnwatcher.com/" "Mozilla/5.0 (Windows NT 10.0; WOW64) AppleWebKit/537.36 (KHTML, like Gecko) Chrome/46.0.2490.86 Safari/537.36"
2.1.201.36 - - [10/Feb/2016:14:06:16 -0800] "GET /rss HTTP/1.1" 304 163 "http://techmeup.co/rss" "FreshRSS/1.0.0 (Linux; http://freshrss.org) SimplePie/1.4-dev-FreshRSS"
62.210.250.66 - - [10/Feb/2016:14:08:40 -0800] "POST /xmlrpc.php HTTP/1.1" 200 433 "http://hnwatcher.com/" "Mozilla/5.0 (Windows NT 10.0; WOW64) AppleWebKit/537.36 (KHTML, like Gecko) Chrome/46.0.2490.86 Safari/537.36"
45.55.133.231 - - [10/Feb/2016:14:11:25 -0800] "GET / HTTP/1.1" 200 7274 "-" "Mozilla/5.0 (Windows NT 6.1; WOW64; rv:28.0) Gecko/20100101 Firefox/28.0"
45.55.133.231 - - [10/Feb/2016:14:11:25 -0800] "GET /wp-includes/js/jquery/jquery-migrate.min.js?ver=1.2.1 HTTP/1.1" 200 3422 "http://techmeup.co/" "Mozilla/5.0 (Windows NT 6.1; WOW64; rv:28.0) Gecko/20100101 Firefox/28.0"
45.55.133.231 - - [10/Feb/2016:14:11:25 -0800] "GET /wp-includes/js/jquery/jquery.js?ver=1.11.1 HTTP/1.1" 200 33587 "http://techmeup.co/" "Mozilla/5.0 (Windows NT 6.1; WOW64; rv:28.0) Gecko/20100101 Firefox/28.0"
62.210.250.66 - - [10/Feb/2016:14:13:24 -0800] "POST /xmlrpc.php HTTP/1.1" 200 433 "http://hnwatcher.com/" "Mozilla/5.0 (Windows NT 10.0; WOW64) AppleWebKit/537.36 (KHTML, like Gecko) Chrome/46.0.2490.86 Safari/537.36"
207.46.13.121 - - [10/Feb/2016:14:15:15 -0800] "GET / HTTP/1.1" 200 7274 "-" "Mozilla/5.0 (compatible; bingbot/2.0; +http://www.bing.com/bingbot.htm)"
62.210.250.66 - - [10/Feb/2016:14:19:34 -0800] "POST /xmlrpc.php HTTP/1.1" 200 433 "http://hnwatcher.com/" "Mozilla/5.0 (Windows NT 10.0; WOW64) AppleWebKit/537.36 (KHTML, like Gecko) Chrome/46.0.2490.86 Safari/537.36"
62.210.250.66 - - [10/Feb/2016:14:24:10 -0800] "POST /xmlrpc.php HTTP/1.1" 200 433 "http://hnwatcher.com/" "Mozilla/5.0 (Windows NT 10.0; WOW64) AppleWebKit/537.36 (KHTML, like Gecko) Chrome/46.0.2490.86 Safari/537.36"
176.150.201.25 - - [10/Feb/2016:14:25:10 -0800] "GET /wp-content/themes/great/js/modernizr.min.js HTTP/1.1" 200 6229 "http://techmeup.co/du-travail-pour-les-epoux-epouses-dimmigres-tech-aux-us/" "Mozilla/5.0 (Linux; U; Android 2.3.4; fr-fr; GT-I9100P-ORANGE/I9100PBVKI3 Build/GINGERBREAD) AppleWebKit/533.1 (KHTML, like Gecko) Version/4.0 Mobile Safari/533.1"
176.150.201.25 - - [10/Feb/2016:14:25:10 -0800] "GET /wp-content/plugins/wp-shortcode/css/tipsy.css?ver=4.1.1 HTTP/1.1" 200 868 "http://techmeup.co/du-travail-pour-les-epoux-epouses-dimmigres-tech-aux-us/" "Mozilla/5.0 (Linux; U; Android 2.3.4; fr-fr; GT-I9100P-ORANGE/I9100PBVKI3 Build/GINGERBREAD) AppleWebKit/533.1 (KHTML, like Gecko) Version/4.0 Mobile Safari/533.1"
176.150.201.25 - - [10/Feb/2016:14:25:10 -0800] "GET /wp-content/plugins/wp-shortcode/js/wp-shortcode.js?ver=4.1.1 HTTP/1.1" 200 832 "http://techmeup.co/du-travail-pour-les-epoux-epouses-dimmigres-tech-aux-us/" "Mozilla/5.0 (Linux; U; Android 2.3.4; fr-fr; GT-I9100P-ORANGE/I9100PBVKI3 Build/GINGERBREAD) AppleWebKit/533.1 (KHTML, like Gecko) Version/4.0 Mobile Safari/533.1"
176.150.201.25 - - [10/Feb/2016:14:25:12 -0800] "GET /wp-content/plugins/disqus-comment-system/media/js/disqus.js?ver=4.1.1 HTTP/1.1" 200 1101 "http://techmeup.co/du-travail-pour-les-epoux-epouses-dimmigres-tech-aux-us/" "Mozilla/5.0 (Linux; U; Android 2.3.4; fr-fr; GT-I9100P-ORANGE/I9100PBVKI3 Build/GINGERBREAD) AppleWebKit/533.1 (KHTML, like Gecko) Version/4.0 Mobile Safari/533.1"
176.150.201.25 - - [10/Feb/2016:14:25:12 -0800] "GET /wp-content/themes/great/images/linkedin.png HTTP/1.1" 200 4390 "http://techmeup.co/du-travail-pour-les-epoux-epouses-dimmigres-tech-aux-us/" "Mozilla/5.0 (Linux; U; Android 2.3.4; fr-fr; GT-I9100P-ORANGE/I9100PBVKI3 Build/GINGERBREAD) AppleWebKit/533.1 (KHTML, like Gecko) Version/4.0 Mobile Safari/533.1"
176.150.201.25 - - [10/Feb/2016:14:25:12 -0800] "GET /wp-content/themes/great/images/search.png HTTP/1.1" 200 1683 "http://techmeup.co/du-travail-pour-les-epoux-epouses-dimmigres-tech-aux-us/" "Mozilla/5.0 (Linux; U; Android 2.3.4; fr-fr; GT-I9100P-ORANGE/I9100PBVKI3 Build/GINGERBREAD) AppleWebKit/533.1 (KHTML, like Gecko) Version/4.0 Mobile Safari/533.1"
176.150.201.25 - - [10/Feb/2016:14:25:28 -0800] "GET /du-travail-pour-les-epoux-epouses-dimmigres-tech-aux-us/?cf_action=sync_comments&post_id=294 HTTP/1.1" 200 309 "http://techmeup.co/du-travail-pour-les-epoux-epouses-dimmigres-tech-aux-us/" "Mozilla/5.0 (Linux; U; Android 2.3.4; fr-fr; GT-I9100P-ORANGE/I9100PBVKI3 Build/GINGERBREAD) AppleWebKit/533.1 (KHTML, like Gecko) Version/4.0 Mobile Safari/533.1"
62.210.250.66 - - [10/Feb/2016:14:28:54 -0800] "POST /xmlrpc.php HTTP/1.1" 200 433 "http://hnwatcher.com/" "Mozilla/5.0 (Windows NT 10.0; WOW64) AppleWebKit/537.36 (KHTML, like Gecko) Chrome/46.0.2490.86 Safari/537.36"
62.210.250.66 - - [10/Feb/2016:14:30:27 -0800] "POST /xmlrpc.php HTTP/1.1" 200 433 "http://hnwatcher.com/" "Mozilla/5.0 (Windows NT 10.0; WOW64) AppleWebKit/537.36 (KHTML, like Gecko) Chrome/46.0.2490.86 Safari/537.36"
198.58.103.28 - - [10/Feb/2016:14:34:58 -0800] "GET /rss HTTP/1.1" 304 219 "-" "Superfeedr bot/2.0 http://superfeedr.com - Make your feeds realtime: get in touch - feed-id:138292308"
62.210.250.66 - - [10/Feb/2016:14:38:18 -0800] "POST /xmlrpc.php HTTP/1.1" 200 433 "http://hnwatcher.com/" "Mozilla/5.0 (Windows NT 10.0; WOW64) AppleWebKit/537.36 (KHTML, like Gecko) Chrome/46.0.2490.86 Safari/537.36"
207.46.13.121 - - [10/Feb/2016:14:44:46 -0800] "GET /adrien-duermael-pixowl-et-lindustrie-particuliere-du HTTP/1.1" 404 4872 "-" "Mozilla/5.0 (compatible; bingbot/2.0; +http://www.bing.com/bingbot.htm)"
198.58.103.36 - - [10/Feb/2016:14:52:45 -0800] "GET /rss HTTP/1.1" 304 219 "-" "Superfeedr bot/2.0 http://superfeedr.com - Make your feeds realtime: get in touch - feed-id:138292308"
82.246.176.59 - - [10/Feb/2016:14:55:10 -0800] "GET /wp-content/themes/great/js/customscript.js HTTP/1.1" 200 3601 "http://techmeup.co/trouver-un-job-tech-a-san-francisco-ou-dans-la/" "Mozilla/5.0 (Windows NT 10.0; WOW64; rv:43.0) Gecko/20100101 Firefox/43.0"
82.246.176.59 - - [10/Feb/2016:14:55:10 -0800] "GET /wp-content/plugins/wp-shortcode/css/wp-shortcode.css?ver=4.1.1 HTTP/1.1" 200 2050 "http://techmeup.co/trouver-un-job-tech-a-san-francisco-ou-dans-la/" "Mozilla/5.0 (Windows NT 10.0; WOW64; rv:43.0) Gecko/20100101 Firefox/43.0"
82.246.176.59 - - [10/Feb/2016:14:55:10 -0800] "GET /wp-includes/js/comment-reply.min.js?ver=4.1.1 HTTP/1.1" 200 757 "http://techmeup.co/trouver-un-job-tech-a-san-francisco-ou-dans-la/" "Mozilla/5.0 (Windows NT 10.0; WOW64; rv:43.0) Gecko/20100101 Firefox/43.0"
82.246.176.59 - - [10/Feb/2016:14:55:10 -0800] "GET /wp-content/plugins/disqus-comment-system/media/js/disqus.js?ver=4.1.1 HTTP/1.1" 200 1101 "http://techmeup.co/trouver-un-job-tech-a-san-francisco-ou-dans-la/" "Mozilla/5.0 (Windows NT 10.0; WOW64; rv:43.0) Gecko/20100101 Firefox/43.0"
82.246.176.59 - - [10/Feb/2016:14:55:10 -0800] "GET /wordpress/wp-content/uploads/2015/02/logo-text1.png HTTP/1.1" 200 5143 "http://techmeup.co/trouver-un-job-tech-a-san-francisco-ou-dans-la/" "Mozilla/5.0 (Windows NT 10.0; WOW64; rv:43.0) Gecko/20100101 Firefox/43.0"
82.246.176.59 - - [10/Feb/2016:14:55:10 -0800] "GET /wp-content/themes/great/images/linkedin.png HTTP/1.1" 200 4390 "http://techmeup.co/wp-content/themes/great/style.css" "Mozilla/5.0 (Windows NT 10.0; WOW64; rv:43.0) Gecko/20100101 Firefox/43.0"
82.246.176.59 - - [10/Feb/2016:14:55:11 -0800] "GET /wp-content/themes/great/images/arrow.png HTTP/1.1" 200 437 "http://techmeup.co/wp-content/themes/great/style.css" "Mozilla/5.0 (Windows NT 10.0; WOW64; rv:43.0) Gecko/20100101 Firefox/43.0"
198.199.87.229 - - [10/Feb/2016:14:55:40 -0800] "GET /feed/ HTTP/1.1" 304 219 "-" "NewsBlur Feed Fetcher - 4 subscribers - http://www.newsblur.com/site/5487666/techmeup-techmeup (Mozilla/5.0 (Macintosh; Intel Mac OS X 10_7_1) AppleWebKit/534.48.3 (KHTML, like Gecko) Version/5.1 Safari/534.48.3)"
78.192.118.252 - - [10/Feb/2016:14:56:25 -0800] "GET /wp-content/plugins/wp-shortcode/css/wp-shortcode.css?ver=4.1.1 HTTP/1.1" 200 2049 "http://techmeup.co/paul-duan-le-super-heros-de-la-data-science-pour/" "Mozilla/5.0 (Macintosh; Intel Mac OS X 10_10_5) AppleWebKit/601.3.9 (KHTML, like Gecko) Version/9.0.2 Safari/601.3.9"
78.192.118.252 - - [10/Feb/2016:14:56:25 -0800] "GET /wp-content/plugins/hupso-share-buttons-for-twitter-facebook-google/style.css?ver=4.1.1 HTTP/1.1" 200 416 "http://techmeup.co/paul-duan-le-super-heros-de-la-data-science-pour/" "Mozilla/5.0 (Macintosh; Intel Mac OS X 10_10_5) AppleWebKit/601.3.9 (KHTML, like Gecko) Version/9.0.2 Safari/601.3.9"
78.192.118.252 - - [10/Feb/2016:14:56:25 -0800] "GET /wp-content/plugins/wp-shortcode/js/jquery.tipsy.js?ver=4.1.1 HTTP/1.1" 200 3065 "http://techmeup.co/paul-duan-le-super-heros-de-la-data-science-pour/" "Mozilla/5.0 (Macintosh; Intel Mac OS X 10_10_5) AppleWebKit/601.3.9 (KHTML, like Gecko) Version/9.0.2 Safari/601.3.9"
78.192.118.252 - - [10/Feb/2016:14:56:25 -0800] "GET /wp-content/plugins/disqus-comment-system/media/js/disqus.js?ver=4.1.1 HTTP/1.1" 200 1101 "http://techmeup.co/paul-duan-le-super-heros-de-la-data-science-pour/" "Mozilla/5.0 (Macintosh; Intel Mac OS X 10_10_5) AppleWebKit/601.3.9 (KHTML, like Gecko) Version/9.0.2 Safari/601.3.9"
78.192.118.252 - - [10/Feb/2016:14:56:25 -0800] "GET /wp-content/themes/great/images/facebook.png HTTP/1.1" 200 4285 "http://techmeup.co/paul-duan-le-super-heros-de-la-data-science-pour/" "Mozilla/5.0 (Macintosh; Intel Mac OS X 10_10_5) AppleWebKit/601.3.9 (KHTML, like Gecko) Version/9.0.2 Safari/601.3.9"
78.192.118.252 - - [10/Feb/2016:14:56:26 -0800] "GET /wp-content/themes/great/images/arrow.png HTTP/1.1" 200 437 "http://techmeup.co/paul-duan-le-super-heros-de-la-data-science-pour/" "Mozilla/5.0 (Macintosh; Intel Mac OS X 10_10_5) AppleWebKit/601.3.9 (KHTML, like Gecko) Version/9.0.2 Safari/601.3.9"
207.46.13.121 - - [10/Feb/2016:15:00:07 -0800] "GET /adrien-duermael-pixowl-et-lindustrie-particuliere-du HTTP/1.1" 404 4872 "-" "Mozilla/5.0 (compatible; bingbot/2.0; +http://www.bing.com/bingbot.htm)"
207.46.13.121 - - [10/Feb/2016:15:02:42 -0800] "GET /guillaume-charmes-meilleur-developpeur-du-monde HTTP/1.1" 301 444 "-" "Mozilla/5.0 (compatible; bingbot/2.0; +http://www.bing.com/bingbot.htm)"
86.246.152.226 - - [10/Feb/2016:15:07:47 -0800] "GET /rss HTTP/1.1" 304 219 "-" "Reeder/3000.09.01 CFNetwork/760.2.6 Darwin/15.3.0 (x86_64)"
82.237.33.174 - - [10/Feb/2016:15:10:42 -0800] "GET /apple-touch-icon.png HTTP/1.1" 404 4872 "-" "Safari/11601.1.56 CFNetwork/760.0.5 Darwin/15.0.0 (x86_64)"
82.237.33.174 - - [10/Feb/2016:15:10:53 -0800] "GET /trouver-un-job-tech-a-san-francisco-ou-dans-la-silicon HTTP/1.1" 404 4871 "-" "Mozilla/5.0 (iPhone; CPU iPhone OS 8_1 like Mac OS X) AppleWebKit/600.1.4 (KHTML, like Gecko) Version/8.0 Mobile/12B410 Safari/600.1.4"
107.189.60.73 - - [10/Feb/2016:15:12:19 -0800] "HEAD / HTTP/1.1" 200 230 "-" "Mozilla/5.0 (compatible; PrivacyAwareBot/1.1; +http://www.privacyaware.org)"
107.189.60.73 - - [10/Feb/2016:15:12:22 -0800] "GET /wp-content/themes/great/js/customscript.js HTTP/1.1" 200 3601 "http://alyaboom.com/" "Mozilla/5.0 (X11;) Firefox/38.0"
107.189.60.73 - - [10/Feb/2016:15:12:22 -0800] "GET /wp-includes/js/jquery/jquery.js?ver=1.11.1 HTTP/1.1" 200 33587 "http://alyaboom.com/" "Mozilla/5.0 (X11;) Firefox/38.0"
69.195.124.123 - - [10/Feb/2016:15:16:20 -0800] "POST /xmlrpc.php HTTP/1.1" 200 793 "-" "Mozilla/5.0 (X11; Ubuntu; Linux x86_64; rv:23.0) Gecko/20100101 Firefox/23.0"
180.76.15.161 - - [10/Feb/2016:15:19:06 -0800] "GET / HTTP/1.1" 200 33366 "-" "Mozilla/5.0 (compatible; Baiduspider/2.0; +http://www.baidu.com/search/spider.html)"
178.255.215.65 - - [10/Feb/2016:15:26:32 -0800] "GET /lanti-incubateur-ou-comment-placer-le-conseil-au/ HTTP/1.1" 200 8242 "-" "Mozilla/5.0 (compatible; Exabot/3.0; +http://www.exabot.com/go/robot)"
62.149.143.108 - - [10/Feb/2016:15:27:40 -0800] "POST /xmlrpc.php HTTP/1.1" 200 793 "-" "Mozilla/5.0 (X11; Ubuntu; Linux x86_64; rv:23.0) Gecko/20100101 Firefox/23.0"
195.154.172.59 - - [10/Feb/2016:15:32:45 -0800] "GET /sylvia-gallusser-expatriee-aux-us-jaime-mon-pays-la-france-reviensleon/ HTTP/1.1" 200 8844 "-" "Mozilla/5.0 (X11; Linux x86_64) AppleWebKit/537.21 (KHTML, like Gecko) wpif Safari/537.21"
195.154.172.59 - - [10/Feb/2016:15:32:46 -0800] "GET /wp-content/plugins/wp-shortcode/css/tipsy.css?ver=4.1.1 HTTP/1.1" 200 868 "http://techmeup.co/sylvia-gallusser-expatriee-aux-us-jaime-mon-pays-la-france-reviensleon/" "Mozilla/5.0 (X11; Linux x86_64) AppleWebKit/537.21 (KHTML, like Gecko) wpif Safari/537.21"
